#
# A fatal error has been detected by the Java Runtime Environment:
#
#  EXCEPTION_ACCESS_VIOLATION (0xc0000005) at pc=0x0000017a09811050, pid=15676, tid=18764
#
# JRE version: Java(TM) SE Runtime Environment (21.0.8+12) (build 21.0.8+12-LTS-250)
# Java VM: Java HotSpot(TM) 64-Bit Server VM (21.0.8+12-LTS-250, mixed mode, emulated-client, sharing, tiered, compressed oops, compressed class ptrs, g1 gc, windows-amd64)
# Problematic frame:
# v  ~BufferBlob::MethodHandles adapters 0x0000017a09811050
#
# No core dump will be written. Minidumps are not enabled by default on client versions of Windows
#
# If you would like to submit a bug report, please visit:
#   https://bugreport.java.com/bugreport/crash.jsp
#

---------------  S U M M A R Y ------------

Command Line: -XX:+ShowCodeDetailsInExceptionMessages -agentlib:jdwp=transport=dt_socket,suspend=y,address=localhost:51029 -Dcom.sun.management.jmxremote -Dcom.sun.management.jmxremote.port=51028 -Dcom.sun.management.jmxremote.authenticate=false -Dcom.sun.management.jmxremote.ssl=false -Djava.rmi.server.hostname=localhost -Dspring.jmx.enabled=true -Dmanagement.endpoints.jmx.exposure.include=* -Dspring.application.admin.enabled=true -Dspring.output.ansi.enabled=always -XX:TieredStopAtLevel=1 -Dspring.boot.project.name=JSPJ -javaagent:C:\Users\jswjs\OneDrive\πŸ≈¡ »≠∏È\sts-4.32.2.RELEASE\configuration\org.eclipse.osgi\272\0\.cp\lib\javaagent-shaded.jar -Dfile.encoding=UTF-8 -Dstdout.encoding=UTF-8 -Dstderr.encoding=UTF-8 com.JSPJ.demo.JspjApplication

Host: AMD Ryzen 5 5500U with Radeon Graphics         , 12 cores, 15G,  Windows 11 , 64 bit Build 26100 (10.0.26100.7019)
Time: Mon Dec  8 19:02:55 2025  Windows 11 , 64 bit Build 26100 (10.0.26100.7019) elapsed time: 547.476193 seconds (0d 0h 9m 7s)

---------------  T H R E A D  ---------------

Current thread (0x0000017a5d4e37f0):  JavaThread "restartedMain"        [_thread_in_Java, id=18764, stack(0x00000079f5000000,0x00000079f5100000) (1024K)]

Stack: [0x00000079f5000000,0x00000079f5100000],  sp=0x00000079f50fd9d8,  free space=1014k
Native frames: (J=compiled Java code, j=interpreted, Vv=VM code, C=native code)
C  0x0000017a09811050

The last pc belongs to _linkToSpecial (printed below).

siginfo: EXCEPTION_ACCESS_VIOLATION (0xc0000005), reading address 0xffffffffffffffff


Registers:
RAX=0x0000017a097e9086, RBX=0xe1e6f49d00000000, RCX=0x00000079f50fd9e0, RDX=0x0000000000000002
RSP=0x00000079f50fd9d8, RBP=0x00000079f50fda28, RSI=0x0000017a5a6f0a98, RDI=0x0000017a5c438a10
R8 =0x0000000000000004, R9 =0x0000000000000004, R10=0x00007ffc03f10ae0, R11=0x0000017a150b6390
R12=0x0000000000000000, R13=0x00000079f50fd9d8, R14=0x00000079f50fda48, R15=0x0000017a5d4e37f0
RIP=0x0000017a09811050, EFLAGS=0x0000000000010202


Register to memory mapping:

RAX=0x0000017a097e9086 is at code_begin+3078 in an Interpreter codelet
return entry points  [0x0000017a097e8480, 0x0000017a097ea298]  7704 bytes
RBX=0xe1e6f49d00000000 is an unknown value
RCX=0x00000079f50fd9e0 is pointing into the stack for thread: 0x0000017a5d4e37f0
RDX=0x0000000000000002 is an unknown value
RSP=0x00000079f50fd9d8 is pointing into the stack for thread: 0x0000017a5d4e37f0
RBP=0x00000079f50fda28 is pointing into the stack for thread: 0x0000017a5d4e37f0
RSI=0x0000017a5a6f0a98 points into unknown readable memory: 0x8c0001005ceff310 | 10 f3 ef 5c 00 01 00 8c
RDI=0x0000017a5c438a10 points into unknown readable memory: 0x0000001800000070 | 70 00 00 00 18 00 00 00
R8 =0x0000000000000004 is an unknown value
R9 =0x0000000000000004 is an unknown value
R10=0x00007ffc03f10ae0 jvm.dll
R11={method} {0x0000017a150b6398} 'newInvokeSpecial' '(Ljava/lang/Object;)Ljava/lang/Object;' in 'java/lang/invoke/DirectMethodHandle$Holder'
R12=0x0 is null
R13=0x00000079f50fd9d8 is pointing into the stack for thread: 0x0000017a5d4e37f0
R14=0x00000079f50fda48 is pointing into the stack for thread: 0x0000017a5d4e37f0
R15=0x0000017a5d4e37f0 is a thread

Top of Stack: (sp=0x00000079f50fd9d8)
0x00000079f50fd9d8:   0000017a097e9086 00000079f50fd9e0
0x00000079f50fd9e8:   0000017a1572e677 0000000000000004
0x00000079f50fd9f8:   0000017a150b1848 000000070c4cc9a0
0x00000079f50fda08:   0000000709f55648 0000017a150b6390
0x00000079f50fda18:   00000079f50fd9d8 00000079f50fda50
0x00000079f50fda28:   00000079f50fee50 0000017a09c0f4cb
0x00000079f50fda38:   000000070f37a3f0 000000070f37a498
0x00000079f50fda48:   000000070f37a450 000000070f37a200
0x00000079f50fda58:   000000070f3751b8 00000079f50fee50
0x00000079f50fda68:   0000017a0a18278c 0000017a5b33b5b8
0x00000079f50fda78:   00007ffc03735903 0000017a5b33b5b8
0x00000079f50fda88:   000000070f3751b8 000000070c4ccaf0
0x00000079f50fda98:   000000070f375200 000000070a8cbff0
0x00000079f50fdaa8:   000000070a373270 0000000000000001
0x00000079f50fdab8:   0000017a5d4e37f0 0000017a5b1950e0
0x00000079f50fdac8:   0000000709f547b8 000000070c4cc9a0
0x00000079f50fdad8:   000000070f37a0c8 000000070f37a0c8
0x00000079f50fdae8:   000000070f37a200 000000070f37a480
0x00000079f50fdaf8:   000000070f37a258 000000070c4cc9a0
0x00000079f50fdb08:   0000000000000001 00000079f50fee50
0x00000079f50fdb18:   0000017a00000000 0000000000000000
0x00000079f50fdb28:   0000000000000000 000000070f37a450
0x00000079f50fdb38:   0000017a09c0acdc 0000000000000000
0x00000079f50fdb48:   0000000000000000 0000000000000000
0x00000079f50fdb58:   0000017a09ae3000 0000017a5d4e37f0
0x00000079f50fdb68:   0000000000000000 000000070f37a200
0x00000079f50fdb78:   0000000000000000 000000070f37a0c8
0x00000079f50fdb88:   000000070f37a480 000000070f37a200
0x00000079f50fdb98:   0000000000000000 0000000000000000
0x00000079f50fdba8:   0000017a09c0e9ec 00000079f50fee50
0x00000079f50fdbb8:   0000017a09c09fea 0000000000000000
0x00000079f50fdbc8:   0000017a09b1c6a9 0000000000000000 

Instructions: (pc=0x0000017a09811050)
0x0000017a09810f50:   bf d8 05 00 00 00 74 03 ff 63 38 ff 63 50 e9 9d
0x0000017a09810f60:   16 00 00 66 66 66 0f 1f 84 00 00 00 00 00 66 0f
0x0000017a09810f70:   1f 84 00 00 00 00 00 66 0f 1f 84 00 00 00 00 00
0x0000017a09810f80:   48 8b 53 08 0f b7 52 2e 48 8b 0c d4 58 5b 50 44
0x0000017a09810f90:   8b 51 08 49 bb 00 00 00 15 7a 01 00 00 4d 03 d3
0x0000017a09810fa0:   4c 8b 5b 10 4b 8b 9c da c0 01 00 00 48 85 db 0f
0x0000017a09810fb0:   84 10 00 00 00 41 80 bf d8 05 00 00 00 74 03 ff
0x0000017a09810fc0:   63 38 ff 63 50 e9 36 16 00 00 66 66 66 0f 1f 84
0x0000017a09810fd0:   00 00 00 00 00 66 66 66 0f 1f 84 00 00 00 00 00
0x0000017a09810fe0:   58 5b 50 8b 5b 24 48 c1 e3 03 48 8b 5b 10 48 85
0x0000017a09810ff0:   db 0f 84 10 00 00 00 41 80 bf d8 05 00 00 00 74
0x0000017a09811000:   03 ff 63 38 ff 63 50 e9 f4 15 00 00 66 66 0f 1f
0x0000017a09811010:   84 00 00 00 00 00 66 66 0f 1f 84 00 00 00 00 00
0x0000017a09811020:   48 8b 53 08 0f b7 52 2e 48 8b 0c d4 58 5b 50 48
0x0000017a09811030:   3b 01 8b 5b 24 48 c1 e3 03 48 8b 5b 10 48 85 db
0x0000017a09811040:   0f 84 10 00 00 00 41 80 bf d8 05 00 00 00 74 03
0x0000017a09811050:   ff 63 38 ff 63 50 e9 a5 15 00 00 0f 1f 44 00 00
0x0000017a09811060:   48 8b 53 08 0f b7 52 2e 48 8b 0c d4 58 5b 50 44
0x0000017a09811070:   8b 51 08 49 bb 00 00 00 15 7a 01 00 00 4d 03 d3
0x0000017a09811080:   8b 43 18 48 c1 e0 03 48 8b 40 10 48 8b 5b 10 45
0x0000017a09811090:   8b 9a a0 00 00 00 4f 8d 9c da c0 01 00 00 4d 8d
0x0000017a098110a0:   14 da 49 8b 1b 48 3b c3 74 15 48 85 db 0f 84 32
0x0000017a098110b0:   00 00 00 49 83 c3 10 49 8b 1b 48 3b c3 75 eb 45
0x0000017a098110c0:   8b 5b 08 4b 8b 1c 1a 48 85 db 0f 84 10 00 00 00
0x0000017a098110d0:   41 80 bf d8 05 00 00 00 74 03 ff 63 38 ff 63 50
0x0000017a098110e0:   e9 1b 15 00 00 e9 16 12 00 00 f4 00 00 00 00 00
0x0000017a098110f0:   00 00 00 00 00 00 00 00 00 00 00 00 00 00 00 00
0x0000017a09811100:   00 00 00 00 00 00 00 00 00 00 00 00 00 00 00 00
0x0000017a09811110:   00 00 00 00 00 00 00 00 00 00 00 00 00 00 00 00
0x0000017a09811120:   00 00 00 00 00 00 00 00 00 00 00 00 00 00 00 00
0x0000017a09811130:   00 00 00 00 00 00 00 00 00 00 00 00 00 00 00 00
0x0000017a09811140:   00 00 00 00 00 00 00 00 00 00 00 00 00 00 00 00 


Stack slot to memory mapping:

stack at sp + 0 slots: 0x0000017a097e9086 is at code_begin+3078 in an Interpreter codelet
return entry points  [0x0000017a097e8480, 0x0000017a097ea298]  7704 bytes
stack at sp + 1 slots: 0x00000079f50fd9e0 is pointing into the stack for thread: 0x0000017a5d4e37f0
stack at sp + 2 slots: 0x0000017a1572e677 is pointing into metadata
stack at sp + 3 slots: 0x0000000000000004 is an unknown value
stack at sp + 4 slots: 0x0000017a150b1848 is pointing into metadata
stack at sp + 5 slots: 0x000000070c4cc9a0 is an oop: java.lang.Class 
{0x000000070c4cc9a0} - klass: 'java/lang/Class'
 - ---- fields (total size 14 words):
 - private volatile transient 'classRedefinedCount' 'I' @12  1 (0x00000001)
 - injected 'klass' 'J' @16  1623871520768 (0x0000017a16490000)
 - injected 'array_klass' 'J' @24  0 (0x0000000000000000)
 - injected 'oop_size' 'I' @32  14 (0x0000000e)
 - injected 'static_oop_field_count' 'I' @36  0 (0x00000000)
 - private volatile transient 'cachedConstructor' 'Ljava/lang/reflect/Constructor;' @40  null (0x00000000)
 - private transient 'name' 'Ljava/lang/String;' @44  "com.JSPJ.demo.controller.commonController"{0x000000070a810c50} (0xe150218a)
 - private transient 'module' 'Ljava/lang/Module;' @48  a 'java/lang/Module'{0x000000070c4cc818} (0xe1899903)
 - private final 'classLoader' 'Ljava/lang/ClassLoader;' @52  a 'org/springframework/boot/devtools/restart/classloader/RestartClassLoader'{0x000000070c4331f0} (0xe188663e)
 - private transient 'classData' 'Ljava/lang/Object;' @56  null (0x00000000)
 - private transient 'packageName' 'Ljava/lang/String;' @60  "com.JSPJ.demo.controller"{0x000000070a1ee6a8} (0xe143dcd5)
 - private final 'componentType' 'Ljava/lang/Class;' @64  null (0x00000000)
 - private volatile transient 'reflectionData' 'Ljava/lang/ref/SoftReference;' @68  a 'java/lang/ref/SoftReference'{0x000000070c4d0a30} (0xe189a146)
 - private volatile transient 'genericInfo' 'Lsun/reflect/generics/repository/ClassRepository;' @72  null (0x00000000)
 - private volatile transient 'enumConstants' '[Ljava/lang/Object;' @76  null (0x00000000)
 - private volatile transient 'enumConstantDirectory' 'Ljava/util/Map;' @80  null (0x00000000)
 - private volatile transient 'annotationData' 'Ljava/lang/Class$AnnotationData;' @84  a 'java/lang/Class$AnnotationData'{0x000000070c4d0aa8} (0xe189a155)
 - private volatile transient 'annotationType' 'Lsun/reflect/annotation/AnnotationType;' @88  null (0x00000000)
 - transient 'classValueMap' 'Ljava/lang/ClassValue$ClassValueMap;' @92  null (0x00000000)
 - injected 'protection_domain' 'Ljava/lang/Object;' @96  a 'java/security/ProtectionDomain'{0x000000070c4ce388} (0xe1899c71)
 - injected 'signers_name' 'Ljava/lang/Object;' @100  null (0x00000000)
 - injected 'source_file' 'Ljava/lang/Object;' @104  null (0x00000000)
 - injected '<init_lock>' 'Ljava/lang/Object;' @108  null (0x00000000)
 - signature: Lcom/JSPJ/demo/controller/commonController;
 - ---- static fields (0):
stack at sp + 6 slots: 0x0000000709f55648 is an oop: java.lang.Class 
{0x0000000709f55648} - klass: 'java/lang/Class'
 - ---- fields (total size 14 words):
 - private volatile transient 'classRedefinedCount' 'I' @12  0 (0x00000000)
 - injected 'klass' 'J' @16  1623850685472 (0x0000017a150b1420)
 - injected 'array_klass' 'J' @24  0 (0x0000000000000000)
 - injected 'oop_size' 'I' @32  14 (0x0000000e)
 - injected 'static_oop_field_count' 'I' @36  0 (0x00000000)
 - private volatile transient 'cachedConstructor' 'Ljava/lang/reflect/Constructor;' @40  null (0x00000000)
 - private transient 'name' 'Ljava/lang/String;' @44  null (0x00000000)
 - private transient 'module' 'Ljava/lang/Module;' @48  a 'java/lang/Module'{0x0000000709f61210} (0xe13ec242)
 - private final 'classLoader' 'Ljava/lang/ClassLoader;' @52  null (0x00000000)
 - private transient 'classData' 'Ljava/lang/Object;' @56  null (0x00000000)
 - private transient 'packageName' 'Ljava/lang/String;' @60  null (0x00000000)
 - private final 'componentType' 'Ljava/lang/Class;' @64  null (0x00000000)
 - private volatile transient 'reflectionData' 'Ljava/lang/ref/SoftReference;' @68  null (0x00000000)
 - private volatile transient 'genericInfo' 'Lsun/reflect/generics/repository/ClassRepository;' @72  null (0x00000000)
 - private volatile transient 'enumConstants' '[Ljava/lang/Object;' @76  null (0x00000000)
 - private volatile transient 'enumConstantDirectory' 'Ljava/util/Map;' @80  null (0x00000000)
 - private volatile transient 'annotationData' 'Ljava/lang/Class$AnnotationData;' @84  null (0x00000000)
 - private volatile transient 'annotationType' 'Lsun/reflect/annotation/AnnotationType;' @88  null (0x00000000)
 - transient 'classValueMap' 'Ljava/lang/ClassValue$ClassValueMap;' @92  null (0x00000000)
 - injected 'protection_domain' 'Ljava/lang/Object;' @96  null (0x00000000)
 - injected 'signers_name' 'Ljava/lang/Object;' @100  null (0x00000000)
 - injected 'source_file' 'Ljava/lang/Object;' @104  null (0x00000000)
 - injected '<init_lock>' 'Ljava/lang/Object;' @108  null (0x00000000)
 - signature: Ljava/lang/invoke/DirectMethodHandle$Holder;
 - ---- static fields (0):
stack at sp + 7 slots: {method} {0x0000017a150b6398} 'newInvokeSpecial' '(Ljava/lang/Object;)Ljava/lang/Object;' in 'java/lang/invoke/DirectMethodHandle$Holder'

MethodHandle::interpreter_entry::_linkToSpecial [0x0000017a0981100c, 0x0000017a0981105b] (79 bytes)
[MachCode]
  0x0000017a0981100c: 6666 0f1f | 8400 0000 | 0000 6666 | 0f1f 8400 | 0000 0000 | 488b 5308 | 0fb7 522e | 488b 0cd4 
  0x0000017a0981102c: 585b 5048 | 3b01 8b5b | 2448 c1e3 | 0348 8b5b | 1048 85db | 0f84 1000 | 0000 4180 | bfd8 0500 
  0x0000017a0981104c: 0000 7403 | ff63 38ff | 6350 e9a5 | 
[/MachCode]

---------------  P R O C E S S  ---------------

Threads class SMR info:
_java_thread_list=0x0000017a5a6ccdb0, length=31, elements={
0x0000017a149f3110, 0x0000017a149f3b60, 0x0000017a149f5de0, 0x0000017a149f6d10,
0x0000017a149f9d20, 0x0000017a149fab80, 0x0000017a14a0e620, 0x0000017a14b52a10,
0x0000017a14c62620, 0x0000017a14c65e60, 0x0000017a14c6a4f0, 0x0000017a5a537cd0,
0x0000017a5a722de0, 0x0000017a5a750830, 0x0000017a5a788050, 0x0000017a5ac5d210,
0x0000017a5ac5dc80, 0x0000017a5ac722a0, 0x0000017a5ac71580, 0x0000017a5cd084f0,
0x0000017a5cd0e0d0, 0x0000017a5d4e2ad0, 0x0000017a5d4e3160, 0x0000017a5d4e4510,
0x0000017a5d4e2440, 0x0000017a5d4e37f0, 0x0000017a5d4e3e80, 0x0000017a5d4e4ba0,
0x0000017a5d4e5230, 0x0000017a5d4e1db0, 0x0000017a5d4e65e0
}

Java Threads: ( => current thread )
  0x0000017a149f3110 JavaThread "Reference Handler"          daemon [_thread_blocked, id=9608, stack(0x00000079f4700000,0x00000079f4800000) (1024K)]
  0x0000017a149f3b60 JavaThread "Finalizer"                  daemon [_thread_blocked, id=13964, stack(0x00000079f4800000,0x00000079f4900000) (1024K)]
  0x0000017a149f5de0 JavaThread "Signal Dispatcher"          daemon [_thread_blocked, id=25788, stack(0x00000079f4900000,0x00000079f4a00000) (1024K)]
  0x0000017a149f6d10 JavaThread "Attach Listener"            daemon [_thread_blocked, id=13660, stack(0x00000079f4a00000,0x00000079f4b00000) (1024K)]
  0x0000017a149f9d20 JavaThread "Service Thread"             daemon [_thread_blocked, id=22852, stack(0x00000079f4b00000,0x00000079f4c00000) (1024K)]
  0x0000017a149fab80 JavaThread "Monitor Deflation Thread"   daemon [_thread_blocked, id=2508, stack(0x00000079f4c00000,0x00000079f4d00000) (1024K)]
  0x0000017a14a0e620 JavaThread "C1 CompilerThread0"         daemon [_thread_blocked, id=19900, stack(0x00000079f4d00000,0x00000079f4e00000) (1024K)]
  0x0000017a14b52a10 JavaThread "Common-Cleaner"             daemon [_thread_blocked, id=13396, stack(0x00000079f4e00000,0x00000079f4f00000) (1024K)]
  0x0000017a14c62620 JavaThread "JDWP Transport Listener: dt_socket" daemon [_thread_blocked, id=12988, stack(0x00000079f5200000,0x00000079f5300000) (1024K)]
  0x0000017a14c65e60 JavaThread "JDWP Event Helper Thread"   daemon [_thread_blocked, id=12960, stack(0x00000079f5300000,0x00000079f5400000) (1024K)]
  0x0000017a14c6a4f0 JavaThread "JDWP Command Reader"        daemon [_thread_in_native, id=3980, stack(0x00000079f5400000,0x00000079f5500000) (1024K)]
  0x0000017a5a537cd0 JavaThread "Notification Thread"        daemon [_thread_blocked, id=23432, stack(0x00000079f5500000,0x00000079f5600000) (1024K)]
  0x0000017a5a722de0 JavaThread "RMI TCP Accept-0"           daemon [_thread_in_native, id=20260, stack(0x00000079f5e00000,0x00000079f5f00000) (1024K)]
  0x0000017a5a750830 JavaThread "RMI TCP Accept-51028"       daemon [_thread_in_native, id=11848, stack(0x00000079f5f00000,0x00000079f6000000) (1024K)]
  0x0000017a5a788050 JavaThread "RMI TCP Accept-0"           daemon [_thread_in_native, id=24168, stack(0x00000079f6000000,0x00000079f6100000) (1024K)]
  0x0000017a5ac5d210 JavaThread "RMI Scheduler(0)"           daemon [_thread_blocked, id=24228, stack(0x00000079f6500000,0x00000079f6600000) (1024K)]
  0x0000017a5ac5dc80 JavaThread "RMI TCP Connection(idle)"   daemon [_thread_blocked, id=9744, stack(0x00000079f6600000,0x00000079f6700000) (1024K)]
  0x0000017a5ac722a0 JavaThread "JMX server connection timeout 43" daemon [_thread_blocked, id=11284, stack(0x00000079f6700000,0x00000079f6800000) (1024K)]
  0x0000017a5ac71580 JavaThread "mysql-cj-abandoned-connection-cleanup" daemon [_thread_blocked, id=9544, stack(0x00000079f6d00000,0x00000079f6e00000) (1024K)]
  0x0000017a5cd084f0 JavaThread "Live Reload Server"         daemon [_thread_in_native, id=23532, stack(0x00000079f7400000,0x00000079f7500000) (1024K)]
  0x0000017a5cd0e0d0 JavaThread "DestroyJavaVM"                     [_thread_blocked, id=10720, stack(0x00000079f3f00000,0x00000079f4000000) (1024K)]
  0x0000017a5d4e2ad0 JavaThread "RMI TCP Connection(idle)"   daemon [_thread_blocked, id=19932, stack(0x00000079f7a00000,0x00000079f7b00000) (1024K)]
  0x0000017a5d4e3160 JavaThread "RMI TCP Connection(22)-127.0.0.1" daemon [_thread_in_native, id=19804, stack(0x00000079f3c00000,0x00000079f3d00000) (1024K)]
  0x0000017a5d4e4510 JavaThread "RMI TCP Connection(idle)"   daemon [_thread_blocked, id=25516, stack(0x00000079f3d00000,0x00000079f3e00000) (1024K)]
  0x0000017a5d4e2440 JavaThread "Thread-7"                          [_thread_blocked, id=2604, stack(0x00000079f4f00000,0x00000079f5000000) (1024K)]
=>0x0000017a5d4e37f0 JavaThread "restartedMain"                     [_thread_in_Java, id=18764, stack(0x00000079f5000000,0x00000079f5100000) (1024K)]
  0x0000017a5d4e3e80 JavaThread "Catalina-utility-1"                [_thread_blocked, id=1712, stack(0x00000079f5100000,0x00000079f5200000) (1024K)]
  0x0000017a5d4e4ba0 JavaThread "Catalina-utility-2"                [_thread_blocked, id=11964, stack(0x00000079f6200000,0x00000079f6300000) (1024K)]
  0x0000017a5d4e5230 JavaThread "container-0"                       [_thread_blocked, id=18924, stack(0x00000079f6300000,0x00000079f6400000) (1024K)]
  0x0000017a5d4e1db0 JavaThread "mssql-jdbc-shared-timer-core-2" daemon [_thread_blocked, id=13272, stack(0x00000079f6400000,0x00000079f6500000) (1024K)]
  0x0000017a5d4e65e0 JavaThread "HikariPool-3:housekeeper"   daemon [_thread_blocked, id=21544, stack(0x00000079f6800000,0x00000079f6900000) (1024K)]
Total: 31

Other Threads:
  0x0000017a149cdf80 VMThread "VM Thread"                           [id=10680, stack(0x00000079f4600000,0x00000079f4700000) (1024K)]
  0x0000017a149b8c50 WatcherThread "VM Periodic Task Thread"        [id=15204, stack(0x00000079f4500000,0x00000079f4600000) (1024K)]
  0x0000017a7fcbbad0 WorkerThread "GC Thread#0"                     [id=8676, stack(0x00000079f4000000,0x00000079f4100000) (1024K)]
  0x0000017a5a70b550 WorkerThread "GC Thread#1"                     [id=8904, stack(0x00000079f5600000,0x00000079f5700000) (1024K)]
  0x0000017a5a71a4d0 WorkerThread "GC Thread#2"                     [id=1776, stack(0x00000079f5700000,0x00000079f5800000) (1024K)]
  0x0000017a5a71a870 WorkerThread "GC Thread#3"                     [id=11592, stack(0x00000079f5800000,0x00000079f5900000) (1024K)]
  0x0000017a5a71b020 WorkerThread "GC Thread#4"                     [id=20324, stack(0x00000079f5900000,0x00000079f5a00000) (1024K)]
  0x0000017a5a7319e0 WorkerThread "GC Thread#5"                     [id=22484, stack(0x00000079f5a00000,0x00000079f5b00000) (1024K)]
  0x0000017a5a732d90 WorkerThread "GC Thread#6"                     [id=26208, stack(0x00000079f5b00000,0x00000079f5c00000) (1024K)]
  0x0000017a5a733130 WorkerThread "GC Thread#7"                     [id=7596, stack(0x00000079f5c00000,0x00000079f5d00000) (1024K)]
  0x0000017a5a7334d0 WorkerThread "GC Thread#8"                     [id=10768, stack(0x00000079f5d00000,0x00000079f5e00000) (1024K)]
  0x0000017a5ab38f60 WorkerThread "GC Thread#9"                     [id=22788, stack(0x00000079f6100000,0x00000079f6200000) (1024K)]
  0x0000017a7fccd010 ConcurrentGCThread "G1 Main Marker"            [id=9900, stack(0x00000079f4100000,0x00000079f4200000) (1024K)]
  0x0000017a7fccf040 WorkerThread "G1 Conc#0"                       [id=11236, stack(0x00000079f4200000,0x00000079f4300000) (1024K)]
  0x0000017a5ab39de0 WorkerThread "G1 Conc#1"                       [id=15652, stack(0x00000079f6900000,0x00000079f6a00000) (1024K)]
  0x0000017a5ab39300 WorkerThread "G1 Conc#2"                       [id=25960, stack(0x00000079f6a00000,0x00000079f6b00000) (1024K)]
  0x0000017a14885c20 ConcurrentGCThread "G1 Refine#0"               [id=24284, stack(0x00000079f4300000,0x00000079f4400000) (1024K)]
  0x0000017a14888450 ConcurrentGCThread "G1 Service"                [id=1524, stack(0x00000079f4400000,0x00000079f4500000) (1024K)]
Total: 18

Threads with active compile tasks:
Total: 0

VM state: not at safepoint (normal execution)

VM Mutex/Monitor currently owned by a thread: None

Heap address: 0x0000000709c00000, size: 3940 MB, Compressed Oops mode: Zero based, Oop shift amount: 3

CDS archive(s) mapped at: [0x0000017a15000000-0x0000017a15c90000-0x0000017a15c90000), size 13172736, SharedBaseAddress: 0x0000017a15000000, ArchiveRelocationMode: 1.
Compressed class space mapped at: 0x0000017a16000000-0x0000017a56000000, reserved size: 1073741824
Narrow klass base: 0x0000017a15000000, Narrow klass shift: 0, Narrow klass range: 0x100000000

GC Precious Log:
 CardTable entry size: 512
 Card Set container configuration: InlinePtr #cards 4 size 8 Array Of Cards #cards 16 size 48 Howl #buckets 8 coarsen threshold 3686 Howl Bitmap #cards 512 size 80 coarsen threshold 460 Card regions per heap region 1 cards per card region 4096
 CPUs: 12 total, 12 available
 Memory: 15755M
 Large Page Support: Disabled
 NUMA Support: Disabled
 Compressed Oops: Enabled (Zero based)
 Heap Region Size: 2M
 Heap Min Capacity: 8M
 Heap Initial Capacity: 248M
 Heap Max Capacity: 3940M
 Pre-touch: Disabled
 Parallel Workers: 10
 Concurrent Workers: 3
 Concurrent Refinement Workers: 10
 Periodic GC: Disabled

Heap:
 garbage-first heap   total 92160K, used 36621K [0x0000000709c00000, 0x0000000800000000)
  region size 2048K, 7 young (14336K), 3 survivors (6144K)
 Metaspace       used 68898K, committed 69760K, reserved 1114112K
  class space    used 9133K, committed 9536K, reserved 1048576K

Heap Regions: E=young(eden), S=young(survivor), O=old, HS=humongous(starts), HC=humongous(continues), CS=collection set, F=free, TAMS=top-at-mark-start, PB=parsable bottom
|   0|0x0000000709c00000, 0x0000000709e00000, 0x0000000709e00000|100%| O|  |TAMS 0x0000000709c00000| PB 0x0000000709c00000| Untracked 
|   1|0x0000000709e00000, 0x000000070a000000, 0x000000070a000000|100%| O|  |TAMS 0x0000000709e00000| PB 0x0000000709e00000| Untracked 
|   2|0x000000070a000000, 0x000000070a1fffc8, 0x000000070a200000| 99%| O|  |TAMS 0x000000070a000000| PB 0x000000070a000000| Untracked 
|   3|0x000000070a200000, 0x000000070a3ffe00, 0x000000070a400000| 99%| O|  |TAMS 0x000000070a200000| PB 0x000000070a200000| Untracked 
|   4|0x000000070a400000, 0x000000070a5fffc0, 0x000000070a600000| 99%| O|  |TAMS 0x000000070a400000| PB 0x000000070a400000| Untracked 
|   5|0x000000070a600000, 0x000000070a800000, 0x000000070a800000|100%| O|  |TAMS 0x000000070a600000| PB 0x000000070a600000| Untracked 
|   6|0x000000070a800000, 0x000000070a9ffff8, 0x000000070aa00000| 99%| O|  |TAMS 0x000000070a800000| PB 0x000000070a800000| Untracked 
|   7|0x000000070aa00000, 0x000000070abffff0, 0x000000070ac00000| 99%| O|  |TAMS 0x000000070aa00000| PB 0x000000070aa00000| Untracked 
|   8|0x000000070ac00000, 0x000000070adfffe8, 0x000000070ae00000| 99%| O|  |TAMS 0x000000070ac00000| PB 0x000000070ac00000| Untracked 
|   9|0x000000070ae00000, 0x000000070afffff8, 0x000000070b000000| 99%| O|  |TAMS 0x000000070ae00000| PB 0x000000070ae00000| Untracked 
|  10|0x000000070b000000, 0x000000070b200000, 0x000000070b200000|100%| O|  |TAMS 0x000000070b000000| PB 0x000000070b000000| Untracked 
|  11|0x000000070b200000, 0x000000070b240398, 0x000000070b400000| 12%| O|  |TAMS 0x000000070b200000| PB 0x000000070b200000| Untracked 
|  12|0x000000070b400000, 0x000000070b48a250, 0x000000070b600000| 26%| O|  |TAMS 0x000000070b400000| PB 0x000000070b400000| Untracked 
|  13|0x000000070b600000, 0x000000070b740cc0, 0x000000070b800000| 62%| O|  |TAMS 0x000000070b600000| PB 0x000000070b600000| Untracked 
|  14|0x000000070b800000, 0x000000070b91f2e0, 0x000000070ba00000| 56%| O|  |TAMS 0x000000070b800000| PB 0x000000070b800000| Untracked 
|  15|0x000000070ba00000, 0x000000070ba00000, 0x000000070bc00000|  0%| F|  |TAMS 0x000000070ba00000| PB 0x000000070ba00000| Untracked 
|  16|0x000000070bc00000, 0x000000070bc00000, 0x000000070be00000|  0%| F|  |TAMS 0x000000070bc00000| PB 0x000000070bc00000| Untracked 
|  17|0x000000070be00000, 0x000000070be00000, 0x000000070c000000|  0%| F|  |TAMS 0x000000070be00000| PB 0x000000070be00000| Untracked 
|  18|0x000000070c000000, 0x000000070c099450, 0x000000070c200000| 29%| S|CS|TAMS 0x000000070c000000| PB 0x000000070c000000| Complete 
|  19|0x000000070c200000, 0x000000070c400000, 0x000000070c400000|100%| S|CS|TAMS 0x000000070c200000| PB 0x000000070c200000| Complete 
|  20|0x000000070c400000, 0x000000070c600000, 0x000000070c600000|100%| S|CS|TAMS 0x000000070c400000| PB 0x000000070c400000| Complete 
|  21|0x000000070c600000, 0x000000070c600000, 0x000000070c800000|  0%| F|  |TAMS 0x000000070c600000| PB 0x000000070c600000| Untracked 
|  22|0x000000070c800000, 0x000000070c800000, 0x000000070ca00000|  0%| F|  |TAMS 0x000000070c800000| PB 0x000000070c800000| Untracked 
|  23|0x000000070ca00000, 0x000000070ca00000, 0x000000070cc00000|  0%| F|  |TAMS 0x000000070ca00000| PB 0x000000070ca00000| Untracked 
|  24|0x000000070cc00000, 0x000000070cc00000, 0x000000070ce00000|  0%| F|  |TAMS 0x000000070cc00000| PB 0x000000070cc00000| Untracked 
|  25|0x000000070ce00000, 0x000000070ce00000, 0x000000070d000000|  0%| F|  |TAMS 0x000000070ce00000| PB 0x000000070ce00000| Untracked 
|  26|0x000000070d000000, 0x000000070d000000, 0x000000070d200000|  0%| F|  |TAMS 0x000000070d000000| PB 0x000000070d000000| Untracked 
|  27|0x000000070d200000, 0x000000070d200000, 0x000000070d400000|  0%| F|  |TAMS 0x000000070d200000| PB 0x000000070d200000| Untracked 
|  28|0x000000070d400000, 0x000000070d400000, 0x000000070d600000|  0%| F|  |TAMS 0x000000070d400000| PB 0x000000070d400000| Untracked 
|  29|0x000000070d600000, 0x000000070d600000, 0x000000070d800000|  0%| F|  |TAMS 0x000000070d600000| PB 0x000000070d600000| Untracked 
|  30|0x000000070d800000, 0x000000070d800000, 0x000000070da00000|  0%| F|  |TAMS 0x000000070d800000| PB 0x000000070d800000| Untracked 
|  31|0x000000070da00000, 0x000000070da00000, 0x000000070dc00000|  0%| F|  |TAMS 0x000000070da00000| PB 0x000000070da00000| Untracked 
|  32|0x000000070dc00000, 0x000000070dc00000, 0x000000070de00000|  0%| F|  |TAMS 0x000000070dc00000| PB 0x000000070dc00000| Untracked 
|  33|0x000000070de00000, 0x000000070de00000, 0x000000070e000000|  0%| F|  |TAMS 0x000000070de00000| PB 0x000000070de00000| Untracked 
|  34|0x000000070e000000, 0x000000070e000000, 0x000000070e200000|  0%| F|  |TAMS 0x000000070e000000| PB 0x000000070e000000| Untracked 
|  35|0x000000070e200000, 0x000000070e200000, 0x000000070e400000|  0%| F|  |TAMS 0x000000070e200000| PB 0x000000070e200000| Untracked 
|  36|0x000000070e400000, 0x000000070e400000, 0x000000070e600000|  0%| F|  |TAMS 0x000000070e400000| PB 0x000000070e400000| Untracked 
|  37|0x000000070e600000, 0x000000070e600000, 0x000000070e800000|  0%| F|  |TAMS 0x000000070e600000| PB 0x000000070e600000| Untracked 
|  38|0x000000070e800000, 0x000000070e800000, 0x000000070ea00000|  0%| F|  |TAMS 0x000000070e800000| PB 0x000000070e800000| Untracked 
|  39|0x000000070ea00000, 0x000000070ea00000, 0x000000070ec00000|  0%| F|  |TAMS 0x000000070ea00000| PB 0x000000070ea00000| Untracked 
|  40|0x000000070ec00000, 0x000000070ec00000, 0x000000070ee00000|  0%| F|  |TAMS 0x000000070ec00000| PB 0x000000070ec00000| Untracked 
|  41|0x000000070ee00000, 0x000000070ee2d718, 0x000000070f000000|  8%| E|  |TAMS 0x000000070ee00000| PB 0x000000070ee00000| Complete 
|  42|0x000000070f000000, 0x000000070f200000, 0x000000070f200000|100%| E|CS|TAMS 0x000000070f000000| PB 0x000000070f000000| Complete 
|  43|0x000000070f200000, 0x000000070f400000, 0x000000070f400000|100%| E|CS|TAMS 0x000000070f200000| PB 0x000000070f200000| Complete 
| 123|0x0000000719200000, 0x0000000719400000, 0x0000000719400000|100%| E|CS|TAMS 0x0000000719200000| PB 0x0000000719200000| Complete 

Card table byte_map: [0x0000017a0d830000,0x0000017a0dff0000] _byte_map_base: 0x0000017a09fe2000

Marking Bits: (CMBitMap*) 0x0000017a7fcbc0e0
 Bits: [0x0000017a0dff0000, 0x0000017a11d80000)

Polling page: 0x0000017a7f790000

Metaspace:

Usage:
  Non-class:     58.36 MB used.
      Class:      8.92 MB used.
       Both:     67.28 MB used.

Virtual space:
  Non-class space:       64.00 MB reserved,      58.81 MB ( 92%) committed,  1 nodes.
      Class space:        1.00 GB reserved,       9.31 MB ( <1%) committed,  1 nodes.
             Both:        1.06 GB reserved,      68.12 MB (  6%) committed. 

Chunk freelists:
   Non-Class:  5.29 MB
       Class:  6.75 MB
        Both:  12.04 MB

MaxMetaspaceSize: unlimited
CompressedClassSpaceSize: 1.00 GB
Initial GC threshold: 21.00 MB
Current GC threshold: 113.44 MB
CDS: on
 - commit_granule_bytes: 65536.
 - commit_granule_words: 8192.
 - virtual_space_node_default_size: 8388608.
 - enlarge_chunks_in_place: 1.
 - use_allocation_guard: 0.


Internal statistics:

num_allocs_failed_limit: 6.
num_arena_births: 1312.
num_arena_deaths: 516.
num_vsnodes_births: 2.
num_vsnodes_deaths: 0.
num_space_committed: 1090.
num_space_uncommitted: 0.
num_chunks_returned_to_freelist: 600.
num_chunks_taken_from_freelist: 3724.
num_chunk_merges: 146.
num_chunk_splits: 2499.
num_chunks_enlarged: 1867.
num_inconsistent_stats: 0.

CodeCache: size=49152Kb used=14988Kb max_used=15552Kb free=34163Kb
 bounds [0x0000017a097e0000, 0x0000017a0a770000, 0x0000017a0c7e0000]
 total_blobs=8010 nmethods=7288 adapters=646
 compilation: enabled
              stopped_count=0, restarted_count=0
 full_count=0

Compilation events (20 events):
Event: 541.103 Thread 0x0000017a14a0e620 nmethod 8459 0x0000017a0a06ed90 code [0x0000017a0a06ef20, 0x0000017a0a06f048]
Event: 541.103 Thread 0x0000017a14a0e620 8461       1       javax.crypto.spec.SecretKeySpec::getEncoded (11 bytes)
Event: 541.103 Thread 0x0000017a14a0e620 nmethod 8461 0x0000017a0a071790 code [0x0000017a0a071940, 0x0000017a0a071a78]
Event: 541.103 Thread 0x0000017a5d3465d0 nmethod 8460 0x0000017a0a639d90 code [0x0000017a0a639f40, 0x0000017a0a63a1d8]
Event: 541.105 Thread 0x0000017a5d3465d0 8462       1       javax.crypto.Cipher$Transform::supports (32 bytes)
Event: 541.105 Thread 0x0000017a5d3465d0 nmethod 8462 0x0000017a0a639590 code [0x0000017a0a639780, 0x0000017a0a639b98]
Event: 541.155 Thread 0x0000017a5d3465d0 8463       1       com.microsoft.sqlserver.jdbc.ColumnEncryptionVersion::value (7 bytes)
Event: 541.155 Thread 0x0000017a14a0e620 8464       1       com.microsoft.sqlserver.jdbc.SQLServerConnection::getServerSupportsDataClassification (5 bytes)
Event: 541.155 Thread 0x0000017a5d3465d0 nmethod 8463 0x0000017a0a1c5c10 code [0x0000017a0a1c5da0, 0x0000017a0a1c5e68]
Event: 541.155 Thread 0x0000017a14a0e620 nmethod 8464 0x0000017a0a1c6810 code [0x0000017a0a1c69a0, 0x0000017a0a1c6a70]
Event: 541.155 Thread 0x0000017a5d3465d0 8465       1       com.microsoft.sqlserver.jdbc.SQLServerConnection::getServerSupportedDataClassificationVersion (5 bytes)
Event: 541.155 Thread 0x0000017a5d3465d0 nmethod 8465 0x0000017a0a1eec10 code [0x0000017a0a1eeda0, 0x0000017a0a1eee70]
Event: 541.155 Thread 0x0000017a14a0e620 8466       1       java.security.spec.NamedParameterSpec::getName (5 bytes)
Event: 541.155 Thread 0x0000017a14a0e620 nmethod 8466 0x0000017a0a1f1290 code [0x0000017a0a1f1420, 0x0000017a0a1f14f0]
Event: 541.156 Thread 0x0000017a14a0e620 8467       1       sun.security.ec.ECOperations::allZero (33 bytes)
Event: 541.156 Thread 0x0000017a14a0e620 nmethod 8467 0x0000017a0a074e10 code [0x0000017a0a074fa0, 0x0000017a0a075090]
Event: 541.159 Thread 0x0000017a14a0e620 8468   !   1       java.security.Signature$Delegate::chooseFirstProvider (207 bytes)
Event: 541.160 Thread 0x0000017a14a0e620 nmethod 8468 0x0000017a0a638910 code [0x0000017a0a638b40, 0x0000017a0a6391e8]
Event: 541.170 Thread 0x0000017a14a0e620 8469       1       net.sf.log4jdbc.sql.jdbcapi.ConnectionSpy::reportAllReturns (13 bytes)
Event: 541.170 Thread 0x0000017a14a0e620 nmethod 8469 0x0000017a0a188b90 code [0x0000017a0a188d40, 0x0000017a0a188e90]

GC Heap History (20 events):
Event: 5.070 GC heap before
{Heap before GC invocations=13 (full 0):
 garbage-first heap   total 75776K, used 64078K [0x0000000709c00000, 0x0000000800000000)
  region size 2048K, 21 young (43008K), 2 survivors (4096K)
 Metaspace       used 51066K, committed 51712K, reserved 1114112K
  class space    used 6766K, committed 7040K, reserved 1048576K
}
Event: 5.074 GC heap after
{Heap after GC invocations=14 (full 0):
 garbage-first heap   total 75776K, used 25878K [0x0000000709c00000, 0x0000000800000000)
  region size 2048K, 2 young (4096K), 2 survivors (4096K)
 Metaspace       used 51066K, committed 51712K, reserved 1114112K
  class space    used 6766K, committed 7040K, reserved 1048576K
}
Event: 5.157 GC heap before
{Heap before GC invocations=14 (full 0):
 garbage-first heap   total 75776K, used 34070K [0x0000000709c00000, 0x0000000800000000)
  region size 2048K, 8 young (16384K), 2 survivors (4096K)
 Metaspace       used 52758K, committed 53376K, reserved 1114112K
  class space    used 7112K, committed 7360K, reserved 1048576K
}
Event: 5.160 GC heap after
{Heap after GC invocations=15 (full 0):
 garbage-first heap   total 75776K, used 26008K [0x0000000709c00000, 0x0000000800000000)
  region size 2048K, 2 young (4096K), 2 survivors (4096K)
 Metaspace       used 52758K, committed 53376K, reserved 1114112K
  class space    used 7112K, committed 7360K, reserved 1048576K
}
Event: 5.479 GC heap before
{Heap before GC invocations=16 (full 0):
 garbage-first heap   total 75776K, used 62872K [0x0000000709c00000, 0x0000000800000000)
  region size 2048K, 20 young (40960K), 2 survivors (4096K)
 Metaspace       used 56400K, committed 57088K, reserved 1114112K
  class space    used 7594K, committed 7872K, reserved 1048576K
}
Event: 5.482 GC heap after
{Heap after GC invocations=17 (full 0):
 garbage-first heap   total 92160K, used 27211K [0x0000000709c00000, 0x0000000800000000)
  region size 2048K, 2 young (4096K), 2 survivors (4096K)
 Metaspace       used 56400K, committed 57088K, reserved 1114112K
  class space    used 7594K, committed 7872K, reserved 1048576K
}
Event: 6.076 GC heap before
{Heap before GC invocations=17 (full 0):
 garbage-first heap   total 92160K, used 78411K [0x0000000709c00000, 0x0000000800000000)
  region size 2048K, 27 young (55296K), 2 survivors (4096K)
 Metaspace       used 60066K, committed 60800K, reserved 1114112K
  class space    used 8090K, committed 8384K, reserved 1048576K
}
Event: 6.081 GC heap after
{Heap after GC invocations=18 (full 0):
 garbage-first heap   total 92160K, used 30199K [0x0000000709c00000, 0x0000000800000000)
  region size 2048K, 4 young (8192K), 4 survivors (8192K)
 Metaspace       used 60066K, committed 60800K, reserved 1114112K
  class space    used 8090K, committed 8384K, reserved 1048576K
}
Event: 37.580 GC heap before
{Heap before GC invocations=18 (full 0):
 garbage-first heap   total 92160K, used 73207K [0x0000000709c00000, 0x0000000800000000)
  region size 2048K, 26 young (53248K), 4 survivors (8192K)
 Metaspace       used 64456K, committed 65216K, reserved 1114112K
  class space    used 8617K, committed 8960K, reserved 1048576K
}
Event: 37.585 GC heap after
{Heap after GC invocations=19 (full 0):
 garbage-first heap   total 92160K, used 31152K [0x0000000709c00000, 0x0000000800000000)
  region size 2048K, 3 young (6144K), 3 survivors (6144K)
 Metaspace       used 64456K, committed 65216K, reserved 1114112K
  class space    used 8617K, committed 8960K, reserved 1048576K
}
Event: 100.238 GC heap before
{Heap before GC invocations=19 (full 0):
 garbage-first heap   total 92160K, used 76208K [0x0000000709c00000, 0x0000000800000000)
  region size 2048K, 26 young (53248K), 3 survivors (6144K)
 Metaspace       used 68110K, committed 68864K, reserved 1114112K
  class space    used 9085K, committed 9472K, reserved 1048576K
}
Event: 100.243 GC heap after
{Heap after GC invocations=20 (full 0):
 garbage-first heap   total 92160K, used 34690K [0x0000000709c00000, 0x0000000800000000)
  region size 2048K, 3 young (6144K), 3 survivors (6144K)
 Metaspace       used 68110K, committed 68864K, reserved 1114112K
  class space    used 9085K, committed 9472K, reserved 1048576K
}
Event: 493.440 GC heap before
{Heap before GC invocations=20 (full 0):
 garbage-first heap   total 92160K, used 63362K [0x0000000709c00000, 0x0000000800000000)
  region size 2048K, 19 young (38912K), 3 survivors (6144K)
 Metaspace       used 68902K, committed 69696K, reserved 1114112K
  class space    used 9171K, committed 9536K, reserved 1048576K
}
Event: 493.480 GC heap after
{Heap after GC invocations=21 (full 1):
 garbage-first heap   total 92160K, used 24072K [0x0000000709c00000, 0x0000000800000000)
  region size 2048K, 0 young (0K), 0 survivors (0K)
 Metaspace       used 68537K, committed 69696K, reserved 1114112K
  class space    used 9078K, committed 9536K, reserved 1048576K
}
Event: 496.177 GC heap before
{Heap before GC invocations=21 (full 1):
 garbage-first heap   total 92160K, used 75272K [0x0000000709c00000, 0x0000000800000000)
  region size 2048K, 26 young (53248K), 0 survivors (0K)
 Metaspace       used 68734K, committed 69696K, reserved 1114112K
  class space    used 9122K, committed 9536K, reserved 1048576K
}
Event: 496.181 GC heap after
{Heap after GC invocations=22 (full 1):
 garbage-first heap   total 92160K, used 30216K [0x0000000709c00000, 0x0000000800000000)
  region size 2048K, 3 young (6144K), 3 survivors (6144K)
 Metaspace       used 68734K, committed 69696K, reserved 1114112K
  class space    used 9122K, committed 9536K, reserved 1048576K
}
Event: 539.897 GC heap before
{Heap before GC invocations=23 (full 1):
 garbage-first heap   total 92160K, used 54792K [0x0000000709c00000, 0x0000000800000000)
  region size 2048K, 16 young (32768K), 3 survivors (6144K)
 Metaspace       used 68856K, committed 69760K, reserved 1114112K
  class space    used 9130K, committed 9536K, reserved 1048576K
}
Event: 539.937 GC heap after
{Heap after GC invocations=24 (full 2):
 garbage-first heap   total 92160K, used 25768K [0x0000000709c00000, 0x0000000800000000)
  region size 2048K, 0 young (0K), 0 survivors (0K)
 Metaspace       used 68799K, committed 69760K, reserved 1114112K
  class space    used 9117K, committed 9536K, reserved 1048576K
}
Event: 540.728 GC heap before
{Heap before GC invocations=24 (full 2):
 garbage-first heap   total 92160K, used 72872K [0x0000000709c00000, 0x0000000800000000)
  region size 2048K, 24 young (49152K), 0 survivors (0K)
 Metaspace       used 68881K, committed 69760K, reserved 1114112K
  class space    used 9131K, committed 9536K, reserved 1048576K
}
Event: 540.730 GC heap after
{Heap after GC invocations=25 (full 2):
 garbage-first heap   total 92160K, used 30477K [0x0000000709c00000, 0x0000000800000000)
  region size 2048K, 3 young (6144K), 3 survivors (6144K)
 Metaspace       used 68881K, committed 69760K, reserved 1114112K
  class space    used 9131K, committed 9536K, reserved 1048576K
}

Dll operation events (12 events):
Event: 0.016 Loaded shared library C:\Program Files\Java\jdk-21\bin\java.dll
Event: 0.219 Loaded shared library C:\Program Files\Java\jdk-21\bin\zip.dll
Event: 0.225 Loaded shared library C:\Program Files\Java\jdk-21\bin\instrument.dll
Event: 0.231 Loaded shared library C:\Program Files\Java\jdk-21\bin\net.dll
Event: 0.232 Loaded shared library C:\Program Files\Java\jdk-21\bin\nio.dll
Event: 0.235 Loaded shared library C:\Program Files\Java\jdk-21\bin\zip.dll
Event: 0.381 Loaded shared library C:\Program Files\Java\jdk-21\bin\jimage.dll
Event: 0.424 Loaded shared library C:\Program Files\Java\jdk-21\bin\management.dll
Event: 0.433 Loaded shared library C:\Program Files\Java\jdk-21\bin\management_ext.dll
Event: 0.643 Loaded shared library C:\Program Files\Java\jdk-21\bin\extnet.dll
Event: 0.666 Loaded shared library C:\Program Files\Java\jdk-21\bin\verify.dll
Event: 1.923 Loaded shared library C:\Program Files\Java\jdk-21\bin\sunmscapi.dll

Deoptimization events (20 events):
Event: 540.735 Thread 0x0000017a5d4e37f0 DEOPT PACKING pc=0x0000017a09fb2634 sp=0x00000079f50fa410
Event: 540.735 Thread 0x0000017a5d4e37f0 DEOPT UNPACKING pc=0x0000017a09834e42 sp=0x00000079f50f9970 mode 1
Event: 540.735 Thread 0x0000017a5d4e37f0 DEOPT PACKING pc=0x0000017a0a43213c sp=0x00000079f50fa530
Event: 540.735 Thread 0x0000017a5d4e37f0 DEOPT UNPACKING pc=0x0000017a09834e42 sp=0x00000079f50f99f8 mode 1
Event: 540.735 Thread 0x0000017a5d4e37f0 DEOPT PACKING pc=0x0000017a09fb2634 sp=0x00000079f50fa400
Event: 540.735 Thread 0x0000017a5d4e37f0 DEOPT UNPACKING pc=0x0000017a09834e42 sp=0x00000079f50f9978 mode 1
Event: 540.736 Thread 0x0000017a5d4e37f0 DEOPT PACKING pc=0x0000017a09fb2634 sp=0x00000079f50fabd0
Event: 540.736 Thread 0x0000017a5d4e37f0 DEOPT UNPACKING pc=0x0000017a09834e42 sp=0x00000079f50fa148 mode 1
Event: 540.736 Thread 0x0000017a5d4e37f0 DEOPT PACKING pc=0x0000017a09fb2634 sp=0x00000079f50fac40
Event: 540.736 Thread 0x0000017a5d4e37f0 DEOPT UNPACKING pc=0x0000017a09834e42 sp=0x00000079f50fa1b8 mode 1
Event: 540.736 Thread 0x0000017a5d4e37f0 DEOPT PACKING pc=0x0000017a09fb2634 sp=0x00000079f50fac40
Event: 540.736 Thread 0x0000017a5d4e37f0 DEOPT UNPACKING pc=0x0000017a09834e42 sp=0x00000079f50fa1b8 mode 1
Event: 540.736 Thread 0x0000017a5d4e37f0 DEOPT PACKING pc=0x0000017a09fb2634 sp=0x00000079f50fac40
Event: 540.736 Thread 0x0000017a5d4e37f0 DEOPT UNPACKING pc=0x0000017a09834e42 sp=0x00000079f50fa1b8 mode 1
Event: 540.736 Thread 0x0000017a5d4e37f0 DEOPT PACKING pc=0x0000017a09c14664 sp=0x00000079f50fab70
Event: 540.736 Thread 0x0000017a5d4e37f0 DEOPT UNPACKING pc=0x0000017a09834e42 sp=0x00000079f50fa0a0 mode 1
Event: 540.736 Thread 0x0000017a5d4e37f0 DEOPT PACKING pc=0x0000017a0a2f41ec sp=0x00000079f50fac80
Event: 540.736 Thread 0x0000017a5d4e37f0 DEOPT UNPACKING pc=0x0000017a09834e42 sp=0x00000079f50fa1d8 mode 1
Event: 547.431 Thread 0x0000017a5d4e37f0 DEOPT PACKING pc=0x0000017a09c10bb4 sp=0x00000079f50fd9e0
Event: 547.431 Thread 0x0000017a5d4e37f0 DEOPT UNPACKING pc=0x0000017a09834e42 sp=0x00000079f50fce98 mode 0

Classes loaded (20 events):
Event: 101.766 Loading class java/util/concurrent/atomic/DoubleAdder
Event: 101.766 Loading class java/util/concurrent/atomic/DoubleAdder done
Event: 101.766 Loading class java/util/concurrent/atomic/LongAccumulator
Event: 101.766 Loading class java/util/concurrent/atomic/LongAccumulator done
Event: 208.670 Loading class java/lang/invoke/MethodHandleImpl$CountingWrapper$1
Event: 208.671 Loading class java/lang/invoke/MethodHandleImpl$CountingWrapper$1 done
Event: 493.406 Loading class java/util/concurrent/locks/AbstractQueuedSynchronizer$SharedNode
Event: 493.406 Loading class java/util/concurrent/locks/AbstractQueuedSynchronizer$SharedNode done
Event: 493.436 Loading class java/io/FileOutputStream$1
Event: 493.436 Loading class java/io/FileOutputStream$1 done
Event: 493.439 Loading class java/util/WeakHashMap$KeyIterator
Event: 493.439 Loading class java/util/WeakHashMap$HashIterator
Event: 493.439 Loading class java/util/WeakHashMap$HashIterator done
Event: 493.439 Loading class java/util/WeakHashMap$KeyIterator done
Event: 493.480 Loading class java/lang/ref/Finalizer$2
Event: 493.480 Loading class java/lang/ref/Finalizer$2 done
Event: 493.481 Loading class java/lang/ref/Finalizer$1
Event: 493.481 Loading class java/lang/ref/Finalizer$1 done
Event: 496.775 Loading class java/time/DurationEditor
Event: 496.775 Loading class java/time/DurationEditor done

Classes unloaded (20 events):
Event: 539.909 Thread 0x0000017a149cdf80 Unloading class 0x0000017a167e6c00 'java/lang/invoke/LambdaForm$MH+0x0000017a167e6c00'
Event: 539.909 Thread 0x0000017a149cdf80 Unloading class 0x0000017a167e6800 'java/lang/invoke/LambdaForm$MH+0x0000017a167e6800'
Event: 539.909 Thread 0x0000017a149cdf80 Unloading class 0x0000017a167e5400 'java/lang/invoke/LambdaForm$MH+0x0000017a167e5400'
Event: 539.909 Thread 0x0000017a149cdf80 Unloading class 0x0000017a167e5000 'java/lang/invoke/LambdaForm$MH+0x0000017a167e5000'
Event: 539.909 Thread 0x0000017a149cdf80 Unloading class 0x0000017a167e4000 'java/lang/invoke/LambdaForm$MH+0x0000017a167e4000'
Event: 539.909 Thread 0x0000017a149cdf80 Unloading class 0x0000017a16769000 'java/lang/invoke/LambdaForm$MH+0x0000017a16769000'
Event: 539.909 Thread 0x0000017a149cdf80 Unloading class 0x0000017a16768c00 'java/lang/invoke/LambdaForm$MH+0x0000017a16768c00'
Event: 539.909 Thread 0x0000017a149cdf80 Unloading class 0x0000017a1649d400 'java/lang/invoke/LambdaForm$MH+0x0000017a1649d400'
Event: 539.909 Thread 0x0000017a149cdf80 Unloading class 0x0000017a1649c400 'java/lang/invoke/LambdaForm$MH+0x0000017a1649c400'
Event: 539.909 Thread 0x0000017a149cdf80 Unloading class 0x0000017a16490400 'java/lang/invoke/LambdaForm$MH+0x0000017a16490400'
Event: 539.909 Thread 0x0000017a149cdf80 Unloading class 0x0000017a16490000 'java/lang/invoke/LambdaForm$MH+0x0000017a16490000'
Event: 539.909 Thread 0x0000017a149cdf80 Unloading class 0x0000017a1647d000 'java/lang/invoke/LambdaForm$MH+0x0000017a1647d000'
Event: 539.909 Thread 0x0000017a149cdf80 Unloading class 0x0000017a16473c00 'java/lang/invoke/LambdaForm$MH+0x0000017a16473c00'
Event: 539.909 Thread 0x0000017a149cdf80 Unloading class 0x0000017a16411c00 'java/lang/invoke/LambdaForm$MH+0x0000017a16411c00'
Event: 539.909 Thread 0x0000017a149cdf80 Unloading class 0x0000017a16410c00 'java/lang/invoke/LambdaForm$MH+0x0000017a16410c00'
Event: 539.909 Thread 0x0000017a149cdf80 Unloading class 0x0000017a16410400 'java/lang/invoke/LambdaForm$MH+0x0000017a16410400'
Event: 539.909 Thread 0x0000017a149cdf80 Unloading class 0x0000017a163f8800 'java/lang/invoke/LambdaForm$MH+0x0000017a163f8800'
Event: 539.909 Thread 0x0000017a149cdf80 Unloading class 0x0000017a163e0400 'java/lang/invoke/LambdaForm$MH+0x0000017a163e0400'
Event: 539.909 Thread 0x0000017a149cdf80 Unloading class 0x0000017a161ad800 'java/lang/invoke/LambdaForm$MH+0x0000017a161ad800'
Event: 539.909 Thread 0x0000017a149cdf80 Unloading class 0x0000017a16000400 'java/lang/invoke/LambdaForm$MH+0x0000017a16000400'

Classes redefined (6 events):
Event: 492.143 Thread 0x0000017a149cdf80 redefined class name=com.JSPJ.demo.controller.commonController, count=1
Event: 538.712 Thread 0x0000017a149cdf80 redefined class name=com.JSPJ.demo.controller.commonController, count=1
Event: 538.712 Thread 0x0000017a149cdf80 redefined class name=com.JSPJ.demo.controller.commonController, count=2
Event: 547.452 Thread 0x0000017a149cdf80 redefined class name=com.JSPJ.demo.controller.commonController, count=1
Event: 547.452 Thread 0x0000017a149cdf80 redefined class name=com.JSPJ.demo.controller.commonController, count=2
Event: 547.452 Thread 0x0000017a149cdf80 redefined class name=com.JSPJ.demo.controller.commonController, count=3

Internal exceptions (20 events):
Event: 540.536 Thread 0x0000017a5d4e37f0 Exception <a 'java/io/FileNotFoundException'{0x000000070d356950}> (0x000000070d356950) 
thrown [s\open\src\hotspot\share\prims\jni.cpp, line 520]
Event: 540.537 Thread 0x0000017a5d4e37f0 Exception <a 'java/io/FileNotFoundException'{0x000000070d3580f8}> (0x000000070d3580f8) 
thrown [s\open\src\hotspot\share\prims\jni.cpp, line 520]
Event: 540.670 Thread 0x0000017a5d4e7990 Exception <a 'java/io/FileNotFoundException'{0x000000070cf60908}> (0x000000070cf60908) 
thrown [s\open\src\hotspot\share\prims\jni.cpp, line 520]
Event: 540.671 Thread 0x0000017a5d4e7990 Exception <a 'java/io/FileNotFoundException'{0x000000070cf61e00}> (0x000000070cf61e00) 
thrown [s\open\src\hotspot\share\prims\jni.cpp, line 520]
Event: 540.732 Thread 0x0000017a5d4e7990 Exception <a 'java/io/FileNotFoundException'{0x000000071920cfa8}> (0x000000071920cfa8) 
thrown [s\open\src\hotspot\share\prims\jni.cpp, line 520]
Event: 540.732 Thread 0x0000017a5d4e7990 Exception <a 'java/io/FileNotFoundException'{0x000000071920e4a0}> (0x000000071920e4a0) 
thrown [s\open\src\hotspot\share\prims\jni.cpp, line 520]
Event: 540.793 Thread 0x0000017a5d4e7990 Exception <a 'java/io/FileNotFoundException'{0x000000070f3d2a00}> (0x000000070f3d2a00) 
thrown [s\open\src\hotspot\share\prims\jni.cpp, line 520]
Event: 540.794 Thread 0x0000017a5d4e7990 Exception <a 'java/io/FileNotFoundException'{0x000000070f3d3ef8}> (0x000000070f3d3ef8) 
thrown [s\open\src\hotspot\share\prims\jni.cpp, line 520]
Event: 540.856 Thread 0x0000017a5d4e7990 Exception <a 'java/io/FileNotFoundException'{0x000000070f01f1c0}> (0x000000070f01f1c0) 
thrown [s\open\src\hotspot\share\prims\jni.cpp, line 520]
Event: 540.856 Thread 0x0000017a5d4e7990 Exception <a 'java/io/FileNotFoundException'{0x000000070f0206b8}> (0x000000070f0206b8) 
thrown [s\open\src\hotspot\share\prims\jni.cpp, line 520]
Event: 540.904 Thread 0x0000017a5d4e7990 Exception <a 'java/io/FileNotFoundException'{0x000000070f06b9a0}> (0x000000070f06b9a0) 
thrown [s\open\src\hotspot\share\prims\jni.cpp, line 520]
Event: 540.905 Thread 0x0000017a5d4e7990 Exception <a 'java/io/FileNotFoundException'{0x000000070f06ce98}> (0x000000070f06ce98) 
thrown [s\open\src\hotspot\share\prims\jni.cpp, line 520]
Event: 540.966 Thread 0x0000017a5d4e7990 Exception <a 'java/io/FileNotFoundException'{0x000000070f0bb0b0}> (0x000000070f0bb0b0) 
thrown [s\open\src\hotspot\share\prims\jni.cpp, line 520]
Event: 540.966 Thread 0x0000017a5d4e7990 Exception <a 'java/io/FileNotFoundException'{0x000000070f0bc5a8}> (0x000000070f0bc5a8) 
thrown [s\open\src\hotspot\share\prims\jni.cpp, line 520]
Event: 541.027 Thread 0x0000017a5d4e7990 Exception <a 'java/io/FileNotFoundException'{0x000000070f107a30}> (0x000000070f107a30) 
thrown [s\open\src\hotspot\share\prims\jni.cpp, line 520]
Event: 541.028 Thread 0x0000017a5d4e7990 Exception <a 'java/io/FileNotFoundException'{0x000000070f108f28}> (0x000000070f108f28) 
thrown [s\open\src\hotspot\share\prims\jni.cpp, line 520]
Event: 541.090 Thread 0x0000017a5d4e7990 Exception <a 'java/io/FileNotFoundException'{0x000000070f154418}> (0x000000070f154418) 
thrown [s\open\src\hotspot\share\prims\jni.cpp, line 520]
Event: 541.090 Thread 0x0000017a5d4e7990 Exception <a 'java/io/FileNotFoundException'{0x000000070f155910}> (0x000000070f155910) 
thrown [s\open\src\hotspot\share\prims\jni.cpp, line 520]
Event: 541.153 Thread 0x0000017a5d4e7990 Exception <a 'java/io/FileNotFoundException'{0x000000070f1adab0}> (0x000000070f1adab0) 
thrown [s\open\src\hotspot\share\prims\jni.cpp, line 520]
Event: 541.153 Thread 0x0000017a5d4e7990 Exception <a 'java/io/FileNotFoundException'{0x000000070f1aefa8}> (0x000000070f1aefa8) 
thrown [s\open\src\hotspot\share\prims\jni.cpp, line 520]

ZGC Phase Switch (0 events):
No events

VM Operations (20 events):
Event: 541.189 Executing VM operation: get/set locals
Event: 541.189 Executing VM operation: get/set locals done
Event: 541.191 Executing VM operation: get/set locals
Event: 541.191 Executing VM operation: get/set locals done
Event: 541.193 Executing VM operation: get/set locals
Event: 541.193 Executing VM operation: get/set locals done
Event: 541.194 Executing VM operation: get/set locals
Event: 541.194 Executing VM operation: get/set locals done
Event: 541.195 Executing VM operation: get/set locals
Event: 541.195 Executing VM operation: get/set locals done
Event: 541.196 Executing VM operation: get/set locals
Event: 541.197 Executing VM operation: get/set locals done
Event: 547.431 Executing VM operation: ChangeSingleStep
Event: 547.431 Executing VM operation: ChangeSingleStep done
Event: 547.431 Executing VM operation: ChangeSingleStep
Event: 547.431 Executing VM operation: ChangeSingleStep done
Event: 547.444 Executing VM operation: RedefineClasses
Event: 547.469 Executing VM operation: RedefineClasses done
Event: 547.471 Executing VM operation: ChangeSingleStep
Event: 547.471 Executing VM operation: ChangeSingleStep done

Events (20 events):
Event: 539.916 Thread 0x0000017a149cdf80 flushing nmethod 0x0000017a0a30e390
Event: 539.916 Thread 0x0000017a149cdf80 flushing nmethod 0x0000017a0a31e590
Event: 539.916 Thread 0x0000017a149cdf80 flushing nmethod 0x0000017a0a31f090
Event: 539.916 Thread 0x0000017a149cdf80 flushing nmethod 0x0000017a0a31f410
Event: 539.916 Thread 0x0000017a149cdf80 flushing nmethod 0x0000017a0a320e10
Event: 539.916 Thread 0x0000017a149cdf80 flushing nmethod 0x0000017a0a33bf90
Event: 539.937 Thread 0x0000017a5d4e37f0 Thread added: 0x0000017a5d4e37f0
Event: 539.938 Thread 0x0000017a5d4e37f0 Thread exited: 0x0000017a5d4e37f0
Event: 539.938 Thread 0x0000017a5d4e37f0 Thread added: 0x0000017a5d4e37f0
Event: 540.033 Thread 0x0000017a5d4e5230 Thread added: 0x0000017a5d4e5230
Event: 540.103 Thread 0x0000017a5d4e5230 Thread exited: 0x0000017a5d4e5230
Event: 540.500 Thread 0x0000017a5d4e3e80 Thread added: 0x0000017a5d4e3e80
Event: 540.500 Thread 0x0000017a5d4e4ba0 Thread added: 0x0000017a5d4e4ba0
Event: 540.500 Thread 0x0000017a5d4e5230 Thread added: 0x0000017a5d4e5230
Event: 540.566 Thread 0x0000017a5d4e1db0 Thread added: 0x0000017a5d4e1db0
Event: 540.567 Thread 0x0000017a5d4e65e0 Thread added: 0x0000017a5d4e65e0
Event: 540.669 Thread 0x0000017a5d4e7990 Thread added: 0x0000017a5d4e7990
Event: 540.709 Thread 0x0000017a5d3465d0 Thread added: 0x0000017a5d3465d0
Event: 546.175 Thread 0x0000017a5d3465d0 Thread exited: 0x0000017a5d3465d0
Event: 546.221 Thread 0x0000017a5d4e7990 Thread exited: 0x0000017a5d4e7990


Dynamic libraries:
0x00007ff6de7a0000 - 0x00007ff6de7b0000 	C:\Program Files\Java\jdk-21\bin\javaw.exe
0x00007ffc57f00000 - 0x00007ffc58168000 	C:\WINDOWS\SYSTEM32\ntdll.dll
0x00007ffc56d40000 - 0x00007ffc56e09000 	C:\WINDOWS\System32\KERNEL32.DLL
0x00007ffc55230000 - 0x00007ffc55628000 	C:\WINDOWS\System32\KERNELBASE.dll
0x00007ffc55860000 - 0x00007ffc559ab000 	C:\WINDOWS\System32\ucrtbase.dll
0x00007ffc4abc0000 - 0x00007ffc4abdb000 	C:\Program Files\Java\jdk-21\bin\VCRUNTIME140.dll
0x00007ffc4a720000 - 0x00007ffc4a739000 	C:\Program Files\Java\jdk-21\bin\jli.dll
0x00007ffc57b30000 - 0x00007ffc57be4000 	C:\WINDOWS\System32\ADVAPI32.dll
0x00007ffc57980000 - 0x00007ffc57a29000 	C:\WINDOWS\System32\msvcrt.dll
0x00007ffc55da0000 - 0x00007ffc55e46000 	C:\WINDOWS\System32\sechost.dll
0x00007ffc56ea0000 - 0x00007ffc56fb8000 	C:\WINDOWS\System32\RPCRT4.dll
0x00007ffc57bf0000 - 0x00007ffc57db7000 	C:\WINDOWS\System32\USER32.dll
0x00007ffc556f0000 - 0x00007ffc55717000 	C:\WINDOWS\System32\win32u.dll
0x00007ffc55f70000 - 0x00007ffc55f9b000 	C:\WINDOWS\System32\GDI32.dll
0x00007ffc40240000 - 0x00007ffc404d4000 	C:\WINDOWS\WinSxS\amd64_microsoft.windows.common-controls_6595b64144ccf1df_6.0.26100.7019_none_3e06ffa0e335b8a8\COMCTL32.dll
0x00007ffc55100000 - 0x00007ffc5522c000 	C:\WINDOWS\System32\gdi32full.dll
0x00007ffc55050000 - 0x00007ffc550f3000 	C:\WINDOWS\System32\msvcp_win.dll
0x00007ffc4c6e0000 - 0x00007ffc4c6eb000 	C:\WINDOWS\SYSTEM32\VERSION.dll
0x00007ffc57e50000 - 0x00007ffc57e81000 	C:\WINDOWS\System32\IMM32.DLL
0x00007ffc4fd90000 - 0x00007ffc4fd9c000 	C:\Program Files\Java\jdk-21\bin\vcruntime140_1.dll
0x00007ffc31480000 - 0x00007ffc3150e000 	C:\Program Files\Java\jdk-21\bin\msvcp140.dll
0x00007ffc032c0000 - 0x00007ffc03fdd000 	C:\Program Files\Java\jdk-21\bin\server\jvm.dll
0x00007ffc55d20000 - 0x00007ffc55d94000 	C:\WINDOWS\System32\WS2_32.dll
0x00007ffc54e00000 - 0x00007ffc54e5e000 	C:\WINDOWS\SYSTEM32\POWRPROF.dll
0x00007ffc4c6a0000 - 0x00007ffc4c6d5000 	C:\WINDOWS\SYSTEM32\WINMM.dll
0x00007ffc54cf0000 - 0x00007ffc54d04000 	C:\WINDOWS\SYSTEM32\UMPDC.dll
0x00007ffc53d30000 - 0x00007ffc53d4b000 	C:\WINDOWS\SYSTEM32\kernel.appcore.dll
0x00007ffc4b150000 - 0x00007ffc4b15a000 	C:\Program Files\Java\jdk-21\bin\jimage.dll
0x00007ffc52600000 - 0x00007ffc52842000 	C:\WINDOWS\SYSTEM32\DBGHELP.DLL
0x00007ffc569a0000 - 0x00007ffc56d2b000 	C:\WINDOWS\System32\combase.dll
0x00007ffc568c0000 - 0x00007ffc56997000 	C:\WINDOWS\System32\OLEAUT32.dll
0x00007ffc3e8c0000 - 0x00007ffc3e8fc000 	C:\WINDOWS\SYSTEM32\dbgcore.DLL
0x00007ffc55720000 - 0x00007ffc557c5000 	C:\WINDOWS\System32\bcryptPrimitives.dll
0x00007ffc49100000 - 0x00007ffc4913c000 	C:\Program Files\Java\jdk-21\bin\jdwp.dll
0x00007ffc4abb0000 - 0x00007ffc4abbf000 	C:\Program Files\Java\jdk-21\bin\instrument.dll
0x00007ffc4a700000 - 0x00007ffc4a71f000 	C:\Program Files\Java\jdk-21\bin\java.dll
0x00007ffc55fa0000 - 0x00007ffc566ef000 	C:\WINDOWS\System32\SHELL32.dll
0x00007ffc55b30000 - 0x00007ffc55c9b000 	C:\WINDOWS\System32\wintypes.dll
0x00007ffc52c50000 - 0x00007ffc534ad000 	C:\WINDOWS\SYSTEM32\windows.storage.dll
0x00007ffc57a30000 - 0x00007ffc57b22000 	C:\WINDOWS\System32\SHCORE.dll
0x00007ffc572e0000 - 0x00007ffc57347000 	C:\WINDOWS\System32\shlwapi.dll
0x00007ffc54f70000 - 0x00007ffc54f99000 	C:\WINDOWS\SYSTEM32\profapi.dll
0x00007ffc4a920000 - 0x00007ffc4a92c000 	C:\Program Files\Java\jdk-21\bin\dt_socket.dll
0x00007ffc537c0000 - 0x00007ffc537f4000 	C:\WINDOWS\SYSTEM32\IPHLPAPI.DLL
0x00007ffc54320000 - 0x00007ffc5438b000 	C:\WINDOWS\system32\mswsock.dll
0x00007ffc538b0000 - 0x00007ffc539dc000 	C:\WINDOWS\SYSTEM32\DNSAPI.dll
0x00007ffc55e50000 - 0x00007ffc55e5a000 	C:\WINDOWS\System32\NSI.dll
0x00007ffc47da0000 - 0x00007ffc47dab000 	C:\Windows\System32\rasadhlp.dll
0x00007ffc4c530000 - 0x00007ffc4c5b6000 	C:\WINDOWS\System32\fwpuclnt.dll
0x00007ffc4a440000 - 0x00007ffc4a458000 	C:\Program Files\Java\jdk-21\bin\zip.dll
0x00007ffc4a660000 - 0x00007ffc4a670000 	C:\Program Files\Java\jdk-21\bin\net.dll
0x00007ffc4d890000 - 0x00007ffc4d9b8000 	C:\WINDOWS\SYSTEM32\WINHTTP.dll
0x00007ffc49c30000 - 0x00007ffc49c46000 	C:\Program Files\Java\jdk-21\bin\nio.dll
0x00007ffc4a470000 - 0x00007ffc4a47a000 	C:\Program Files\Java\jdk-21\bin\management.dll
0x00007ffc4a0a0000 - 0x00007ffc4a0ab000 	C:\Program Files\Java\jdk-21\bin\management_ext.dll
0x00007ffc55f60000 - 0x00007ffc55f68000 	C:\WINDOWS\System32\PSAPI.DLL
0x00007ffc3db70000 - 0x00007ffc3db88000 	C:\WINDOWS\system32\napinsp.dll
0x00007ffc3db50000 - 0x00007ffc3db62000 	C:\WINDOWS\System32\winrnr.dll
0x00007ffc3db20000 - 0x00007ffc3db42000 	C:\WINDOWS\system32\nlansp_c.dll
0x00007ffc4cd60000 - 0x00007ffc4cd76000 	C:\WINDOWS\system32\wshbth.dll
0x00007ffc54690000 - 0x00007ffc546ab000 	C:\WINDOWS\SYSTEM32\CRYPTSP.dll
0x00007ffc53d50000 - 0x00007ffc53d8a000 	C:\WINDOWS\system32\rsaenh.dll
0x00007ffc543d0000 - 0x00007ffc543fb000 	C:\WINDOWS\SYSTEM32\USERENV.dll
0x00007ffc54f40000 - 0x00007ffc54f6a000 	C:\WINDOWS\SYSTEM32\bcrypt.dll
0x00007ffc54570000 - 0x00007ffc5457c000 	C:\WINDOWS\SYSTEM32\CRYPTBASE.dll
0x00007ffc4a030000 - 0x00007ffc4a039000 	C:\Program Files\Java\jdk-21\bin\extnet.dll
0x00007ffc49f50000 - 0x00007ffc49f60000 	C:\Program Files\Java\jdk-21\bin\verify.dll
0x00007ffc499b0000 - 0x00007ffc499be000 	C:\Program Files\Java\jdk-21\bin\sunmscapi.dll
0x00007ffc559b0000 - 0x00007ffc55b27000 	C:\WINDOWS\System32\CRYPT32.dll
0x00007ffc547e0000 - 0x00007ffc54810000 	C:\WINDOWS\SYSTEM32\ncrypt.dll
0x00007ffc54790000 - 0x00007ffc547cf000 	C:\WINDOWS\SYSTEM32\NTASN1.dll
0x00007ffc3d660000 - 0x00007ffc3d668000 	C:\WINDOWS\system32\wshunix.dll

dbghelp: loaded successfully - version: 4.0.5 - missing functions: none
symbol engine: initialized successfully - sym options: 0x614 - pdb path: .;C:\Program Files\Java\jdk-21\bin;C:\WINDOWS\SYSTEM32;C:\WINDOWS\WinSxS\amd64_microsoft.windows.common-controls_6595b64144ccf1df_6.0.26100.7019_none_3e06ffa0e335b8a8;C:\Program Files\Java\jdk-21\bin\server

VM Arguments:
jvm_args: -XX:+ShowCodeDetailsInExceptionMessages -agentlib:jdwp=transport=dt_socket,suspend=y,address=localhost:51029 -Dcom.sun.management.jmxremote -Dcom.sun.management.jmxremote.port=51028 -Dcom.sun.management.jmxremote.authenticate=false -Dcom.sun.management.jmxremote.ssl=false -Djava.rmi.server.hostname=localhost -Dspring.jmx.enabled=true -Dmanagement.endpoints.jmx.exposure.include=* -Dspring.application.admin.enabled=true -Dspring.output.ansi.enabled=always -XX:TieredStopAtLevel=1 -Dspring.boot.project.name=JSPJ -javaagent:C:\Users\jswjs\OneDrive\πŸ≈¡ »≠∏È\sts-4.32.2.RELEASE\configuration\org.eclipse.osgi\272\0\.cp\lib\javaagent-shaded.jar -Dfile.encoding=UTF-8 -Dstdout.encoding=UTF-8 -Dstderr.encoding=UTF-8 
java_command: com.JSPJ.demo.JspjApplication
java_class_path (initial): C:\workspace\JSPJ\JSPJ\target\classes;C:\Users\jswjs\.m2\repository\org\springframework\boot\spring-boot-starter-jdbc\3.5.7\spring-boot-starter-jdbc-3.5.7.jar;C:\Users\jswjs\.m2\repository\org\springframework\boot\spring-boot-starter\3.5.7\spring-boot-starter-3.5.7.jar;C:\Users\jswjs\.m2\repository\org\springframework\boot\spring-boot-starter-logging\3.5.7\spring-boot-starter-logging-3.5.7.jar;C:\Users\jswjs\.m2\repository\ch\qos\logback\logback-classic\1.5.20\logback-classic-1.5.20.jar;C:\Users\jswjs\.m2\repository\ch\qos\logback\logback-core\1.5.20\logback-core-1.5.20.jar;C:\Users\jswjs\.m2\repository\org\apache\logging\log4j\log4j-to-slf4j\2.24.3\log4j-to-slf4j-2.24.3.jar;C:\Users\jswjs\.m2\repository\org\apache\logging\log4j\log4j-api\2.24.3\log4j-api-2.24.3.jar;C:\Users\jswjs\.m2\repository\org\slf4j\jul-to-slf4j\2.0.17\jul-to-slf4j-2.0.17.jar;C:\Users\jswjs\.m2\repository\jakarta\annotation\jakarta.annotation-api\2.1.1\jakarta.annotation-api-2.1.1.jar;C:\Users\jswjs\.m2\repository\org\yaml\snakeyaml\2.4\snakeyaml-2.4.jar;C:\Users\jswjs\.m2\repository\com\zaxxer\HikariCP\6.3.3\HikariCP-6.3.3.jar;C:\Users\jswjs\.m2\repository\org\slf4j\slf4j-api\2.0.17\slf4j-api-2.0.17.jar;C:\Users\jswjs\.m2\repository\org\springframework\spring-jdbc\6.2.12\spring-jdbc-6.2.12.jar;C:\Users\jswjs\.m2\repository\org\springframework\spring-beans\6.2.12\spring-beans-6.2.12.jar;C:\Users\jswjs\.m2\repository\org\springframework\spring-tx\6.2.12\spring-tx-6.2.12.jar;C:\Users\jswjs\.m2\repository\org\springframework\boot\spring-boot-starter-thymeleaf\3.5.7\spring-boot-starter-thymeleaf-3.5.7.jar;C:\Users\jswjs\.m2\repository\org\thymeleaf\thymeleaf-spring6\3.1.3.RELEASE\thymeleaf-spring6-3.1.3.RELEASE.jar;C:\Users\jswjs\.m2\repository\org\thymeleaf\thymeleaf\3.1.3.RELEASE\thymeleaf-3.1.3.RELEASE.jar;C:\Users\jswjs\.m2\repository\org\attoparser\attoparser\2.0.7.RELEASE\attoparser-2.0.7.RELEASE.jar;C:\Users\jswjs\.m2\repository\org\unbescape\unbescape\1.1.6.RELEASE\unbescape-1.1.6.RELEASE.jar;C:\Users\jswjs\.m2\repository\org\springframework\boot\spring-boot-starter-web\3.5.7\spring-boot-starter-web-3.5.7.jar;C:\Users\jswjs\.m2\repository\org\springframework\boot\spring-boot-starter-json\3.5.7\spring-boot-starter-json-3.5.7.jar;C:\Users\jswjs\.m2\repository\com\fasterxml\jackson\core\jackson-databind\2.19.2\jackson-databind-2.19.2.jar;C:\Users\jswjs\.m2\repository\com\fasterxml\jackson\core\jackson-annotations\2.19.2\jackson-annotations-2.19.2.jar;C:\Users\jswjs\.m2\repository\com\fasterxml\jackson\core\jackson-core\2.19.2\jackson-core-2.19.2.jar;C:\Users\jswjs\.m2\repository\com\fasterxml\jackson\datatype\jackson-datatype-jdk8\2.19.2\jackson-datatype-jdk8-2.19.2.jar;C:\Users\jswjs\.m2\repository\com\fasterxml\jackson\datatype\jackson-datatype-jsr310\2.19.2\jackson-datatype-jsr310-2.19.2.jar;C:\Users\jswjs\.m2\repository\com\fasterxml\jackson\module\jackson-module-parameter-names\2.19.2\jackson-module-parameter-names-2.19.2.jar;C:\Users\jswjs\.m2\repository\org\springframework\boot\spring-boot-starter-tomcat\3.5.7\spring-boot-starter-tomcat-3.5.7.jar;C:\Users\jswjs\.m2\repository\org\apache\tomcat\embed\tomcat-embed-core\10.1.48\tomcat-embed-core-10.1.48.jar;C:\Users\jswjs\.m2\repository\org\apache\tomcat\embed\tomcat-embed-el\10.1.48\tomcat-embed-el-10.1.48.jar;C:\Users\jswjs\.m2\repository\org\apache\tomcat\embed\tomcat-embed-websocket\10.1.48\tomcat-embed-websocket-10.1.48.jar;C:\Users\jswjs\.m2\repository\org\springframework\spring-web\6.2.12\spring-web-6.2.12.jar;C:\Users\jswjs\.m2\repository\io\micrometer\micrometer-observation\1.15.5\micrometer-observation-1.15.5.jar;C:\Users\jswjs\.m2\repository\io\micrometer\micrometer-commons\1.15.5\micrometer-commons-1.15.5.jar;C:\Users\jswjs\.m2\repository\org\springframework\spring-webmvc\6.2.12\spring-webmvc-6.2.12.jar;C:\Users\jswjs\.m2\repository\org\springframework\spring-aop\6.2.12\spring-aop-6.2.12.jar;C:\Users\jswjs\.m2\repository\org\springframework\spring-context\6.2.12\spring-context-6.2.12.jar;C:\Users\jswjs\.m2\repository\org\springframework\spring-expression\6.2.12\spring-expression-6.2.12.jar;C:\Users\jswjs\.m2\repository\org\mybatis\spring\boot\mybatis-spring-boot-starter\3.0.5\mybatis-spring-boot-starter-3.0.5.jar;C:\Users\jswjs\.m2\repository\org\mybatis\spring\boot\mybatis-spring-boot-autoconfigure\3.0.5\mybatis-spring-boot-autoconfigure-3.0.5.jar;C:\Users\jswjs\.m2\repository\org\mybatis\mybatis\3.5.19\mybatis-3.5.19.jar;C:\Users\jswjs\.m2\repository\org\mybatis\mybatis-spring\3.0.5\mybatis-spring-3.0.5.jar;C:\Users\jswjs\.m2\repository\org\springframework\boot\spring-boot-devtools\3.5.7\spring-boot-devtools-3.5.7.jar;C:\Users\jswjs\.m2\repository\org\springframework\boot\spring-boot\3.5.7\spring-boot-3.5.7.jar;C:\Users\jswjs\.m2\repository\org\springframework\boot\spring-boot-autoconfigure\3.5.7\spring-boot-autoconfigure-3.5.7.jar;C:\Users\jswjs\.m2\repository\com\microsoft\sqlserver\mssql-jdbc\12.10.2.jre11\mssql-jdbc-12.10.2.jre11.jar;C:\Users\jswjs\.m2\repository\com\mysql\mysql-connector-j\9.4.0\mysql-connector-j-9.4.0.jar;C:\Users\jswjs\.m2\repository\org\projectlombok\lombok\1.18.42\lombok-1.18.42.jar;C:\Users\jswjs\.m2\repository\jakarta\xml\bind\jakarta.xml.bind-api\4.0.4\jakarta.xml.bind-api-4.0.4.jar;C:\Users\jswjs\.m2\repository\jakarta\activation\jakarta.activation-api\2.1.4\jakarta.activation-api-2.1.4.jar;C:\Users\jswjs\.m2\repository\net\bytebuddy\byte-buddy\1.17.8\byte-buddy-1.17.8.jar;C:\Users\jswjs\.m2\repository\org\springframework\spring-core\6.2.12\spring-core-6.2.12.jar;C:\Users\jswjs\.m2\repository\org\springframework\spring-jcl\6.2.12\spring-jcl-6.2.12.jar;C:\Users\jswjs\.m2\repository\org\springframework\boot\spring-boot-starter-data-jpa\3.5.7\spring-boot-starter-data-jpa-3.5.7.jar;C:\Users\jswjs\.m2\repository\org\hibernate\orm\hibernate-core\6.6.33.Final\hibernate-core-6.6.33.Final.jar;C:\Users\jswjs\.m2\repository\jakarta\persistence\jakarta.persistence-api\3.1.0\jakarta.persistence-api-3.1.0.jar;C:\Users\jswjs\.m2\repository\jakarta\transaction\jakarta.transaction-api\2.0.1\jakarta.transaction-api-2.0.1.jar;C:\Users\jswjs\.m2\repository\org\jboss\logging\jboss-logging\3.6.1.Final\jboss-logging-3.6.1.Final.jar;C:\Users\jswjs\.m2\repository\org\hibernate\common\hibernate-commons-annotations\7.0.3.Final\hibernate-commons-annotations-7.0.3.Final.jar;C:\Users\jswjs\.m2\repository\io\smallrye\jandex\3.2.0\jandex-3.2.0.jar;C:\Users\jswjs\.m2\repository\com\fasterxml\classmate\1.7.1\classmate-1.7.1.jar;C:\Users\jswjs\.m2\repository\org\glassfish\jaxb\jaxb-runtime\4.0.6\jaxb-runtime-4.0.6.jar;C:\Users\jswjs\.m2\repository\org\glassfish\jaxb\jaxb-core\4.0.6\jaxb-core-4.0.6.jar;C:\Users\jswjs\.m2\repository\org\eclipse\angus\angus-activation\2.0.3\angus-activation-2.0.3.jar;C:\Users\jswjs\.m2\repository\org\glassfish\jaxb\txw2\4.0.6\txw2-4.0.6.jar;C:\Users\jswjs\.m2\repository\com\sun\istack\istack-commons-runtime\4.1.2\istack-commons-runtime-4.1.2.jar;C:\Users\jswjs\.m2\repository\jakarta\inject\jakarta.inject-api\2.0.1\jakarta.inject-api-2.0.1.jar;C:\Users\jswjs\.m2\repository\org\antlr\antlr4-runtime\4.13.0\antlr4-runtime-4.13.0.jar;C:\Users\jswjs\.m2\repository\org\springframework\data\spring-data-jpa\3.5.5\spring-data-jpa-3.5.5.jar;C:\Users\jswjs\.m2\repository\org\springframework\data\spring-data-commons\3.5.5\spring-data-commons-3.5.5.jar;C:\Users\jswjs\.m2\repository\org\springframework\spring-orm\6.2.12\spring-orm-6.2.12.jar;C:\Users\jswjs\.m2\repository\org\springframework\spring-aspects\6.2.12\spring-aspects-6.2.12.jar;C:\Users\jswjs\.m2\repository\org\aspectj\aspectjweaver\1.9.24\aspectjweaver-1.9.24.jar;C:\Users\jswjs\.m2\repository\p6spy\p6spy\3.9.1\p6spy-3.9.1.jar;C:\Users\jswjs\.m2\repository\org\bgee\log4jdbc-log4j2\log4jdbc-log4j2-jdbc4.1\1.16\log4jdbc-log4j2-jdbc4.1-1.16.jar
Launcher Type: SUN_STANDARD

[Global flags]
     intx CICompilerCount                          = 4                                         {product} {ergonomic}
     uint ConcGCThreads                            = 3                                         {product} {ergonomic}
     uint G1ConcRefinementThreads                  = 10                                        {product} {ergonomic}
   size_t G1HeapRegionSize                         = 2097152                                   {product} {ergonomic}
    uintx GCDrainStackTargetSize                   = 64                                        {product} {ergonomic}
   size_t InitialHeapSize                          = 260046848                                 {product} {ergonomic}
     bool ManagementServer                         = true                                      {product} {command line}
   size_t MarkStackSize                            = 4194304                                   {product} {ergonomic}
   size_t MaxHeapSize                              = 4131389440                                {product} {ergonomic}
   size_t MaxNewSize                               = 2478833664                                {product} {ergonomic}
   size_t MinHeapDeltaBytes                        = 2097152                                   {product} {ergonomic}
   size_t MinHeapSize                              = 8388608                                   {product} {ergonomic}
    uintx NonNMethodCodeHeapSize                   = 4096                                   {pd product} {ergonomic}
    uintx NonProfiledCodeHeapSize                  = 0                                      {pd product} {ergonomic}
     bool ProfileInterpreter                       = false                                  {pd product} {command line}
    uintx ProfiledCodeHeapSize                     = 0                                      {pd product} {ergonomic}
     bool ShowCodeDetailsInExceptionMessages       = true                                   {manageable} {command line}
   size_t SoftMaxHeapSize                          = 4131389440                             {manageable} {ergonomic}
     intx TieredStopAtLevel                        = 1                                         {product} {command line}
     bool UseCompressedOops                        = true                           {product lp64_product} {ergonomic}
     bool UseG1GC                                  = true                                      {product} {ergonomic}
     bool UseLargePagesIndividualAllocation        = false                                  {pd product} {ergonomic}

Logging:
Log output configuration:
 #0: stdout all=warning uptime,level,tags foldmultilines=false
 #1: stderr all=off uptime,level,tags foldmultilines=false

Environment Variables:
PATH=C:/Users/jswjs/OneDrive/πŸ≈¡ »≠∏È/sts-4.32.2.RELEASE//plugins/org.eclipse.justj.openjdk.hotspot.jre.full.win32.x86_64_21.0.9.v20251105-0741/jre/bin/server;C:/Users/jswjs/OneDrive/πŸ≈¡ »≠∏È/sts-4.32.2.RELEASE//plugins/org.eclipse.justj.openjdk.hotspot.jre.full.win32.x86_64_21.0.9.v20251105-0741/jre/bin;C:\Program Files\Common Files\Oracle\Java\javapath;C:\Program Files (x86)\VMware\VMware Workstation\bin\;C:\oraclexe\app\oracle\product\11.2.0\server\bin;C:\Program Files (x86)\Common Files\Oracle\Java\javapath;C:\WINDOWS\system32;C:\WINDOWS;C:\WINDOWS\System32\Wbem;C:\WINDOWS\System32\WindowsPowerShell\v1.0\;C:\WINDOWS\System32\OpenSSH\;C:\Program Files\Bandizip\;C:\Program Files\Git\cmd;C:\Program Files\dotnet\;C:\Program Files (x86)\Microsoft SQL Server\160\Tools\Binn\;C:\Program Files\Microsoft SQL Server\160\Tools\Binn\;C:\Program Files\Microsoft SQL Server\Client SDK\ODBC\170\Tools\Binn\;C:\Program Files\Microsoft SQL Server\160\DTS\Binn\;C:\Program Files\nodejs\;C:\Users\jswjs\AppData\Local\Programs\Python\Launcher\;C:\Program Files\MySQL\MySQL Shell 8.0\bin\;C:\Users\jswjs\AppData\Local\Microsoft\WindowsApps;%JAVA_HOME%\bin\;C:\Program Files\JetBrains\PyCharm 2025.2.3\bin;C:\Users\jswjs\AppData\Roaming\npm;C:\Users\jswjs\OneDrive\πŸ≈¡ »≠∏È\sts-4.32.2.RELEASE;
USERNAME=jswjs
OS=Windows_NT
PROCESSOR_IDENTIFIER=AMD64 Family 23 Model 104 Stepping 1, AuthenticAMD
TMP=C:\Users\jswjs\AppData\Local\Temp
TEMP=C:\Users\jswjs\AppData\Local\Temp




Periodic native trim disabled

---------------  S Y S T E M  ---------------

OS:
 Windows 11 , 64 bit Build 26100 (10.0.26100.7019)
OS uptime: 7 days 0:01 hours
Hyper-V role detected

CPU: total 12 (initial active 12) (12 cores per cpu, 2 threads per core) family 23 model 104 stepping 1 microcode 0x8608103, cx8, cmov, fxsr, ht, mmx, 3dnowpref, sse, sse2, sse3, ssse3, sse4a, sse4.1, sse4.2, popcnt, lzcnt, tsc, tscinvbit, avx, avx2, aes, clmul, bmi1, bmi2, adx, sha, fma, vzeroupper, clflush, clflushopt, hv, rdtscp, rdpid, f16c
Processor Information for processor 0
  Max Mhz: 2100, Current Mhz: 1988, Mhz Limit: 2100
Processor Information for processor 1
  Max Mhz: 2100, Current Mhz: 1988, Mhz Limit: 2100
Processor Information for processor 2
  Max Mhz: 2100, Current Mhz: 2100, Mhz Limit: 2100
Processor Information for processor 3
  Max Mhz: 2100, Current Mhz: 2100, Mhz Limit: 2100
Processor Information for processor 4
  Max Mhz: 2100, Current Mhz: 2100, Mhz Limit: 2100
Processor Information for processor 5
  Max Mhz: 2100, Current Mhz: 1988, Mhz Limit: 2100
Processor Information for processor 6
  Max Mhz: 2100, Current Mhz: 1988, Mhz Limit: 2100
Processor Information for processor 7
  Max Mhz: 2100, Current Mhz: 1988, Mhz Limit: 2100
Processor Information for processor 8
  Max Mhz: 2100, Current Mhz: 1988, Mhz Limit: 2100
Processor Information for processor 9
  Max Mhz: 2100, Current Mhz: 2100, Mhz Limit: 2100
Processor Information for processor 10
  Max Mhz: 2100, Current Mhz: 1988, Mhz Limit: 2100
Processor Information for processor 11
  Max Mhz: 2100, Current Mhz: 2100, Mhz Limit: 2100

Memory: 4k page, system-wide physical 15755M (3614M free)
TotalPageFile size 18443M (AvailPageFile size 1595M)
current process WorkingSet (physical memory assigned to process): 263M, peak: 264M
current process commit charge ("private bytes"): 302M, peak: 376M

vm_info: Java HotSpot(TM) 64-Bit Server VM (21.0.8+12-LTS-250) for windows-amd64 JRE (21.0.8+12-LTS-250), built on 2025-06-27T08:11:22Z by "mach5one" with MS VC++ 17.6 (VS2022)

END.
